2026-05-13 17:54:55,135 - PCANFD - DEBUG - debug message
2026-05-13 17:54:55,135 - PCANFD - INFO - info message
2026-05-13 17:54:55,135 - PCANFD - WARNING - warning message
2026-05-13 17:54:55,135 - PCANFD - ERROR - error message
2026-05-13 17:54:55,135 - PCANFD - CRITICAL - critical message
2026-05-14 10:40:14,973 - PCANFD - ERROR - Failed to connect CAN: name 'can' is not defined
2026-05-14 10:43:47,443 - PCANFD - ERROR - Failed to connect CAN: [Errno 19] No such device
2026-05-14 10:44:35,374 - PCANFD - INFO - Connect to CAN on can0
2026-05-14 10:44:35,376 - PCANFD - DEBUG - Receive buffer was already empty
2026-05-14 10:44:35,376 - PCANFD - INFO - CAN FD message sent: ID=0x1, Len=2
2026-05-14 10:44:35,431 - PCANFD - WARNING - Receive timeout, fun_type=0x4
2026-05-14 10:44:35,433 - PCANFD - DEBUG - Receive buffer was already empty
2026-05-14 10:44:35,433 - PCANFD - INFO - CAN FD message sent: ID=0x1, Len=2
2026-05-14 10:44:35,487 - PCANFD - WARNING - Receive timeout, fun_type=0x6
2026-05-14 10:44:57,511 - PCANFD - DEBUG - Receive buffer was already empty
2026-05-14 10:44:57,512 - PCANFD - INFO - CAN FD message sent: ID=0x1, Len=2
2026-05-14 10:44:57,567 - PCANFD - WARNING - Receive timeout, fun_type=0x10
2026-05-14 10:44:57,569 - PCANFD - DEBUG - Receive buffer was already empty
2026-05-14 10:44:57,569 - PCANFD - INFO - CAN FD message sent: ID=0x1, Len=2
2026-05-14 10:44:57,623 - PCANFD - WARNING - Receive timeout, fun_type=0x10
2026-05-14 10:44:57,625 - PCANFD - DEBUG - Receive buffer was already empty
2026-05-14 10:44:57,625 - PCANFD - INFO - CAN FD message sent: ID=0x1, Len=2
2026-05-14 10:44:57,682 - PCANFD - WARNING - Receive timeout, fun_type=0x10
2026-05-14 10:44:57,684 - PCANFD - DEBUG - Receive buffer was already empty
2026-05-14 10:44:57,685 - PCANFD - INFO - CAN FD message sent: ID=0x1, Len=2
2026-05-14 10:44:57,741 - PCANFD - WARNING - Receive timeout, fun_type=0x4
2026-05-14 10:44:57,743 - PCANFD - DEBUG - Receive buffer was already empty
2026-05-14 10:44:57,744 - PCANFD - INFO - CAN FD message sent: ID=0x1, Len=2
2026-05-14 10:44:57,799 - PCANFD - WARNING - Receive timeout, fun_type=0x4
2026-05-14 10:44:57,801 - PCANFD - DEBUG - Receive buffer was already empty
2026-05-14 10:44:57,802 - PCANFD - INFO - CAN FD message sent: ID=0x1, Len=2
2026-05-14 10:44:57,856 - PCANFD - WARNING - Receive timeout, fun_type=0x4
2026-05-14 10:44:57,858 - PCANFD - DEBUG - Receive buffer was already empty
2026-05-14 10:44:57,859 - PCANFD - INFO - CAN FD message sent: ID=0x1, Len=2
2026-05-14 10:44:57,917 - PCANFD - WARNING - Receive timeout, fun_type=0x4
2026-05-14 10:44:57,938 - PCANFD - DEBUG - Receive buffer was already empty
2026-05-14 10:44:57,939 - PCANFD - INFO - CAN FD message sent: ID=0x1, Len=2
2026-05-14 10:44:57,991 - PCANFD - WARNING - Receive timeout, fun_type=0x4
2026-05-14 10:44:57,993 - PCANFD - DEBUG - Receive buffer was already empty
2026-05-14 10:44:57,994 - PCANFD - INFO - CAN FD message sent: ID=0x1, Len=2
2026-05-14 10:44:58,050 - PCANFD - WARNING - Receive timeout, fun_type=0x4
2026-05-14 10:44:58,053 - PCANFD - DEBUG - Receive buffer was already empty
2026-05-14 10:44:58,053 - PCANFD - INFO - CAN FD message sent: ID=0x1, Len=2
2026-05-14 10:44:58,107 - PCANFD - WARNING - Receive timeout, fun_type=0x4
2026-05-14 10:44:58,109 - PCANFD - DEBUG - Receive buffer was already empty
2026-05-14 10:44:58,158 - PCANFD - INFO - CAN FD message sent: ID=0x1, Len=2
2026-05-14 10:44:58,215 - PCANFD - WARNING - Receive timeout, fun_type=0x4
2026-05-14 10:44:58,238 - PCANFD - DEBUG - Receive buffer was already empty
2026-05-14 10:44:58,239 - PCANFD - INFO - CAN FD message sent: ID=0x1, Len=2
2026-05-14 10:44:58,293 - PCANFD - WARNING - Receive timeout, fun_type=0x4
2026-05-14 10:44:58,295 - PCANFD - DEBUG - Receive buffer was already empty
2026-05-14 10:44:58,296 - PCANFD - INFO - CAN FD message sent: ID=0x1, Len=2
2026-05-14 10:44:58,351 - PCANFD - WARNING - Receive timeout, fun_type=0x4
2026-05-14 10:44:58,353 - PCANFD - DEBUG - Receive buffer was already empty
2026-05-14 10:44:58,353 - PCANFD - INFO - CAN FD message sent: ID=0x1, Len=2
2026-05-14 10:44:58,407 - PCANFD - WARNING - Receive timeout, fun_type=0x4
2026-05-14 10:44:58,409 - PCANFD - DEBUG - Receive buffer was already empty
2026-05-14 10:44:58,409 - PCANFD - INFO - CAN FD message sent: ID=0x1, Len=2
2026-05-14 10:44:58,463 - PCANFD - WARNING - Receive timeout, fun_type=0x4
2026-05-14 10:44:58,486 - PCANFD - DEBUG - Receive buffer was already empty
2026-05-14 10:44:58,486 - PCANFD - INFO - CAN FD message sent: ID=0x1, Len=2
2026-05-14 10:44:58,543 - PCANFD - WARNING - Receive timeout, fun_type=0x4
2026-05-14 10:44:58,545 - PCANFD - DEBUG - Receive buffer was already empty
2026-05-14 10:44:58,545 - PCANFD - INFO - CAN FD message sent: ID=0x1, Len=2
2026-05-14 10:44:58,602 - PCANFD - WARNING - Receive timeout, fun_type=0x4
2026-05-14 10:44:58,605 - PCANFD - DEBUG - Receive buffer was already empty
2026-05-14 10:44:58,606 - PCANFD - INFO - CAN FD message sent: ID=0x1, Len=2
2026-05-14 10:44:58,657 - PCANFD - WARNING - Receive timeout, fun_type=0x4
2026-05-14 10:44:58,659 - PCANFD - DEBUG - Receive buffer was already empty
2026-05-14 10:44:58,659 - PCANFD - INFO - CAN FD message sent: ID=0x1, Len=2
2026-05-14 10:44:58,716 - PCANFD - WARNING - Receive timeout, fun_type=0x4
2026-05-14 10:44:58,739 - PCANFD - DEBUG - Receive buffer was already empty
2026-05-14 10:44:58,739 - PCANFD - INFO - CAN FD message sent: ID=0x1, Len=2
2026-05-14 10:44:58,796 - PCANFD - WARNING - Receive timeout, fun_type=0x4
2026-05-14 10:44:58,798 - PCANFD - DEBUG - Receive buffer was already empty
2026-05-14 10:44:58,799 - PCANFD - INFO - CAN FD message sent: ID=0x1, Len=2
2026-05-14 10:44:58,854 - PCANFD - WARNING - Receive timeout, fun_type=0x4
2026-05-14 10:44:58,857 - PCANFD - DEBUG - Receive buffer was already empty
2026-05-14 10:44:58,857 - PCANFD - INFO - CAN FD message sent: ID=0x1, Len=2
2026-05-14 10:44:58,914 - PCANFD - WARNING - Receive timeout, fun_type=0x4
2026-05-14 10:44:58,916 - PCANFD - DEBUG - Receive buffer was already empty
2026-05-14 10:44:58,916 - PCANFD - INFO - CAN FD message sent: ID=0x1, Len=2
2026-05-14 10:44:58,971 - PCANFD - WARNING - Receive timeout, fun_type=0x4
2026-05-14 10:44:58,993 - PCANFD - DEBUG - Receive buffer was already empty
2026-05-14 10:44:58,994 - PCANFD - INFO - CAN FD message sent: ID=0x1, Len=2
2026-05-14 10:44:59,051 - PCANFD - WARNING - Receive timeout, fun_type=0x4
2026-05-14 10:44:59,053 - PCANFD - DEBUG - Receive buffer was already empty
2026-05-14 10:44:59,053 - PCANFD - INFO - CAN FD message sent: ID=0x1, Len=2
2026-05-14 10:44:59,105 - PCANFD - WARNING - Receive timeout, fun_type=0x4
2026-05-14 10:44:59,107 - PCANFD - DEBUG - Receive buffer was already empty
2026-05-14 10:44:59,107 - PCANFD - INFO - CAN FD message sent: ID=0x1, Len=2
2026-05-14 10:44:59,163 - PCANFD - WARNING - Receive timeout, fun_type=0x4
2026-05-14 10:44:59,164 - PCANFD - DEBUG - Receive buffer was already empty
2026-05-14 10:44:59,165 - PCANFD - INFO - CAN FD message sent: ID=0x1, Len=2
2026-05-14 10:44:59,216 - PCANFD - WARNING - Receive timeout, fun_type=0x4
2026-05-14 10:44:59,238 - PCANFD - DEBUG - Receive buffer was already empty
2026-05-14 10:44:59,238 - PCANFD - INFO - CAN FD message sent: ID=0x1, Len=2
2026-05-14 10:44:59,293 - PCANFD - WARNING - Receive timeout, fun_type=0x4
2026-05-14 10:44:59,296 - PCANFD - DEBUG - Receive buffer was already empty
2026-05-14 10:44:59,296 - PCANFD - INFO - CAN FD message sent: ID=0x1, Len=2
2026-05-14 10:44:59,348 - PCANFD - WARNING - Receive timeout, fun_type=0x4
2026-05-14 10:44:59,350 - PCANFD - DEBUG - Receive buffer was already empty
2026-05-14 10:44:59,350 - PCANFD - INFO - CAN FD message sent: ID=0x1, Len=2
2026-05-14 10:44:59,406 - PCANFD - WARNING - Receive timeout, fun_type=0x4
2026-05-14 10:44:59,409 - PCANFD - DEBUG - Receive buffer was already empty
2026-05-14 10:44:59,409 - PCANFD - INFO - CAN FD message sent: ID=0x1, Len=2
2026-05-14 10:44:59,466 - PCANFD - WARNING - Receive timeout, fun_type=0x4
2026-05-14 10:44:59,487 - PCANFD - DEBUG - Receive buffer was already empty
2026-05-14 10:44:59,488 - PCANFD - INFO - CAN FD message sent: ID=0x1, Len=2
2026-05-14 10:44:59,543 - PCANFD - WARNING - Receive timeout, fun_type=0x4
2026-05-14 10:44:59,545 - PCANFD - DEBUG - Receive buffer was already empty
2026-05-14 10:44:59,545 - PCANFD - INFO - CAN FD message sent: ID=0x1, Len=2
2026-05-14 10:44:59,596 - PCANFD - WARNING - Receive timeout, fun_type=0x4
2026-05-14 10:44:59,597 - PCANFD - DEBUG - Receive buffer was already empty
2026-05-14 10:44:59,598 - PCANFD - INFO - CAN FD message sent: ID=0x1, Len=2
2026-05-14 10:44:59,651 - PCANFD - WARNING - Receive timeout, fun_type=0x4
2026-05-14 10:44:59,653 - PCANFD - DEBUG - Receive buffer was already empty
2026-05-14 10:44:59,653 - PCANFD - INFO - CAN FD message sent: ID=0x1, Len=2
2026-05-14 10:44:59,707 - PCANFD - WARNING - Receive timeout, fun_type=0x4
2026-05-14 10:44:59,730 - PCANFD - DEBUG - Receive buffer was already empty
2026-05-14 10:44:59,731 - PCANFD - INFO - CAN FD message sent: ID=0x1, Len=2
2026-05-14 10:44:59,787 - PCANFD - WARNING - Receive timeout, fun_type=0x4
2026-05-14 10:44:59,788 - PCANFD - DEBUG - Receive buffer was already empty
2026-05-14 10:44:59,789 - PCANFD - INFO - CAN FD message sent: ID=0x1, Len=2
2026-05-14 10:44:59,844 - PCANFD - WARNING - Receive timeout, fun_type=0x4
2026-05-14 10:44:59,846 - PCANFD - DEBUG - Receive buffer was already empty
2026-05-14 10:44:59,846 - PCANFD - INFO - CAN FD message sent: ID=0x1, Len=2
2026-05-14 10:44:59,898 - PCANFD - WARNING - Receive timeout, fun_type=0x4
2026-05-14 10:44:59,899 - PCANFD - DEBUG - Receive buffer was already empty
2026-05-14 10:44:59,900 - PCANFD - INFO - CAN FD message sent: ID=0x1, Len=2
2026-05-14 10:44:59,954 - PCANFD - WARNING - Receive timeout, fun_type=0x4
2026-05-14 10:44:59,976 - PCANFD - DEBUG - Receive buffer was already empty
2026-05-14 10:44:59,977 - PCANFD - INFO - CAN FD message sent: ID=0x1, Len=2
2026-05-14 10:45:00,031 - PCANFD - WARNING - Receive timeout, fun_type=0x4
2026-05-14 10:45:00,034 - PCANFD - DEBUG - Receive buffer was already empty
2026-05-14 10:45:00,034 - PCANFD - INFO - CAN FD message sent: ID=0x1, Len=2
2026-05-14 10:45:00,090 - PCANFD - WARNING - Receive timeout, fun_type=0x4
2026-05-14 10:45:00,092 - PCANFD - DEBUG - Receive buffer was already empty
2026-05-14 10:45:00,092 - PCANFD - INFO - CAN FD message sent: ID=0x1, Len=2
2026-05-14 10:45:00,149 - PCANFD - WARNING - Receive timeout, fun_type=0x4
2026-05-14 10:45:00,153 - PCANFD - DEBUG - Receive buffer was already empty
2026-05-14 10:45:00,153 - PCANFD - INFO - CAN FD message sent: ID=0x1, Len=2
2026-05-14 10:45:00,207 - PCANFD - WARNING - Receive timeout, fun_type=0x4
2026-05-14 10:45:00,231 - PCANFD - DEBUG - Receive buffer was already empty
2026-05-14 10:45:00,232 - PCANFD - INFO - CAN FD message sent: ID=0x1, Len=2
2026-05-14 10:45:00,286 - PCANFD - WARNING - Receive timeout, fun_type=0x4
2026-05-14 10:45:00,288 - PCANFD - DEBUG - Receive buffer was already empty
2026-05-14 10:45:00,288 - PCANFD - INFO - CAN FD message sent: ID=0x1, Len=2
2026-05-14 10:45:00,345 - PCANFD - WARNING - Receive timeout, fun_type=0x4
2026-05-14 10:45:00,347 - PCANFD - DEBUG - Receive buffer was already empty
2026-05-14 10:45:00,348 - PCANFD - INFO - CAN FD message sent: ID=0x1, Len=2
2026-05-14 10:45:00,399 - PCANFD - WARNING - Receive timeout, fun_type=0x4
2026-05-14 10:45:00,401 - PCANFD - DEBUG - Receive buffer was already empty
2026-05-14 10:45:00,401 - PCANFD - INFO - CAN FD message sent: ID=0x1, Len=2
2026-05-14 10:45:00,453 - PCANFD - WARNING - Receive timeout, fun_type=0x4
2026-05-14 10:45:00,475 - PCANFD - DEBUG - Receive buffer was already empty
2026-05-14 10:45:00,475 - PCANFD - INFO - CAN FD message sent: ID=0x1, Len=2
2026-05-14 10:45:00,531 - PCANFD - WARNING - Receive timeout, fun_type=0x4
2026-05-14 10:45:00,533 - PCANFD - DEBUG - Receive buffer was already empty
2026-05-14 10:45:00,534 - PCANFD - INFO - CAN FD message sent: ID=0x1, Len=2
2026-05-14 10:45:00,590 - PCANFD - WARNING - Receive timeout, fun_type=0x4
2026-05-14 10:45:00,592 - PCANFD - DEBUG - Receive buffer was already empty
2026-05-14 10:45:00,593 - PCANFD - INFO - CAN FD message sent: ID=0x1, Len=2
2026-05-14 10:45:00,650 - PCANFD - WARNING - Receive timeout, fun_type=0x4
2026-05-14 10:45:00,652 - PCANFD - DEBUG - Receive buffer was already empty
2026-05-14 10:45:00,652 - PCANFD - INFO - CAN FD message sent: ID=0x1, Len=2
2026-05-14 10:45:00,705 - PCANFD - WARNING - Receive timeout, fun_type=0x4
2026-05-14 10:45:00,726 - PCANFD - DEBUG - Receive buffer was already empty
2026-05-14 10:45:00,727 - PCANFD - INFO - CAN FD message sent: ID=0x1, Len=2
2026-05-14 10:45:00,783 - PCANFD - WARNING - Receive timeout, fun_type=0x10
2026-05-14 10:45:00,786 - PCANFD - DEBUG - Receive buffer was already empty
2026-05-14 10:45:00,786 - PCANFD - INFO - CAN FD message sent: ID=0x1, Len=2
2026-05-14 10:45:00,841 - PCANFD - WARNING - Receive timeout, fun_type=0x10
2026-05-14 10:45:00,844 - PCANFD - DEBUG - Receive buffer was already empty
2026-05-14 10:45:00,844 - PCANFD - INFO - CAN FD message sent: ID=0x1, Len=2
2026-05-14 10:45:00,898 - PCANFD - WARNING - Receive timeout, fun_type=0x4
2026-05-14 10:45:00,900 - PCANFD - DEBUG - Receive buffer was already empty
2026-05-14 10:45:00,900 - PCANFD - INFO - CAN FD message sent: ID=0x1, Len=2
2026-05-14 10:45:00,954 - PCANFD - WARNING - Receive timeout, fun_type=0x4
2026-05-14 10:45:00,956 - PCANFD - DEBUG - Receive buffer was already empty
2026-05-14 10:45:00,956 - PCANFD - INFO - CAN FD message sent: ID=0x1, Len=2
2026-05-14 10:45:01,007 - PCANFD - WARNING - Receive timeout, fun_type=0x4
2026-05-14 10:45:02,011 - PCANFD - DEBUG - Receive buffer was already empty
2026-05-14 10:45:02,011 - PCANFD - INFO - CAN FD message sent: ID=0x1, Len=2
2026-05-14 10:45:02,073 - PCANFD - WARNING - Receive timeout, fun_type=0x4
2026-05-14 10:45:05,078 - PCANFD - DEBUG - Receive buffer was already empty
2026-05-14 10:45:05,079 - PCANFD - INFO - CAN FD message sent: ID=0x1, Len=2
2026-05-14 10:45:05,134 - PCANFD - WARNING - Receive timeout, fun_type=0x10
2026-05-14 10:45:06,137 - PCANFD - DEBUG - Receive buffer was already empty
2026-05-14 10:45:06,137 - PCANFD - INFO - CAN FD message sent: ID=0x1, Len=2
2026-05-14 10:45:06,190 - PCANFD - WARNING - Receive timeout, fun_type=0x4
2026-05-14 10:45:06,192 - PCANFD - DEBUG - Receive buffer was already empty
2026-05-14 10:45:06,193 - PCANFD - INFO - CAN FD message sent: ID=0x1, Len=2
2026-05-14 10:45:06,249 - PCANFD - WARNING - Receive timeout, fun_type=0x10
2026-05-14 10:45:06,251 - PCANFD - DEBUG - Receive buffer was already empty
2026-05-14 10:45:06,251 - PCANFD - INFO - CAN FD message sent: ID=0x1, Len=2
2026-05-14 10:45:06,303 - PCANFD - WARNING - Receive timeout, fun_type=0x10
2026-05-14 10:45:06,304 - PCANFD - DEBUG - Receive buffer was already empty
2026-05-14 10:45:06,305 - PCANFD - INFO - CAN FD message sent: ID=0x1, Len=2
2026-05-14 10:45:06,361 - PCANFD - WARNING - Receive timeout, fun_type=0x4
2026-05-14 10:45:06,363 - PCANFD - DEBUG - Receive buffer was already empty
2026-05-14 10:45:06,363 - PCANFD - INFO - CAN FD message sent: ID=0x1, Len=2
2026-05-14 10:45:06,421 - PCANFD - WARNING - Receive timeout, fun_type=0x4
2026-05-14 10:45:06,424 - PCANFD - DEBUG - Receive buffer was already empty
2026-05-14 10:45:06,425 - PCANFD - INFO - CAN FD message sent: ID=0x1, Len=2
2026-05-14 10:45:06,478 - PCANFD - WARNING - Receive timeout, fun_type=0x4
2026-05-14 10:45:07,483 - PCANFD - DEBUG - Receive buffer was already empty
2026-05-14 10:45:07,483 - PCANFD - INFO - CAN FD message sent: ID=0x1, Len=2
2026-05-14 10:45:07,540 - PCANFD - WARNING - Receive timeout, fun_type=0x4
2026-05-14 10:45:08,542 - PCANFD - DEBUG - Receive buffer was already empty
2026-05-14 10:45:08,608 - PCANFD - INFO - CAN FD message sent: ID=0x1, Len=2
2026-05-14 10:45:08,665 - PCANFD - WARNING - Receive timeout, fun_type=0x4
2026-05-14 10:45:08,667 - PCANFD - DEBUG - Receive buffer was already empty
2026-05-14 10:45:08,668 - PCANFD - INFO - CAN FD message sent: ID=0x1, Len=2
2026-05-14 10:45:08,723 - PCANFD - WARNING - Receive timeout, fun_type=0x10
2026-05-14 10:45:08,725 - PCANFD - DEBUG - Receive buffer was already empty
2026-05-14 10:45:08,725 - PCANFD - INFO - CAN FD message sent: ID=0x1, Len=2
2026-05-14 10:45:08,779 - PCANFD - WARNING - Receive timeout, fun_type=0x10
2026-05-14 10:45:08,781 - PCANFD - DEBUG - Receive buffer was already empty
2026-05-14 10:45:08,781 - PCANFD - INFO - CAN FD message sent: ID=0x1, Len=2
2026-05-14 10:45:08,837 - PCANFD - WARNING - Receive timeout, fun_type=0x4
2026-05-14 10:45:08,839 - PCANFD - DEBUG - Receive buffer was already empty
2026-05-14 10:45:08,839 - PCANFD - INFO - CAN FD message sent: ID=0x1, Len=2
2026-05-14 10:45:08,891 - PCANFD - WARNING - Receive timeout, fun_type=0x4
2026-05-14 10:45:08,893 - PCANFD - DEBUG - Receive buffer was already empty
2026-05-14 10:45:08,894 - PCANFD - INFO - CAN FD message sent: ID=0x1, Len=2
2026-05-14 10:45:08,950 - PCANFD - WARNING - Receive timeout, fun_type=0x4
2026-05-14 10:45:09,954 - PCANFD - DEBUG - Receive buffer was already empty
2026-05-14 10:45:09,955 - PCANFD - INFO - CAN FD message sent: ID=0x1, Len=2
2026-05-14 10:45:10,008 - PCANFD - WARNING - Receive timeout, fun_type=0x4
2026-05-14 10:45:11,013 - PCANFD - DEBUG - Receive buffer was already empty
2026-05-14 10:45:11,014 - PCANFD - INFO - CAN FD message sent: ID=0x1, Len=2
2026-05-14 10:45:11,068 - PCANFD - WARNING - Receive timeout, fun_type=0x10
2026-05-14 10:45:11,070 - PCANFD - DEBUG - Receive buffer was already empty
2026-05-14 10:45:11,071 - PCANFD - INFO - CAN FD message sent: ID=0x1, Len=2
2026-05-14 10:45:11,123 - PCANFD - WARNING - Receive timeout, fun_type=0x10
2026-05-14 10:45:11,125 - PCANFD - DEBUG - Receive buffer was already empty
2026-05-14 10:45:11,125 - PCANFD - INFO - CAN FD message sent: ID=0x1, Len=2
2026-05-14 10:45:11,177 - PCANFD - WARNING - Receive timeout, fun_type=0x6
2026-05-14 10:45:11,178 - PCANFD - DEBUG - Receive buffer was already empty
2026-05-14 10:45:11,179 - PCANFD - INFO - CAN FD message sent: ID=0x1, Len=2
2026-05-14 10:45:11,234 - PCANFD - WARNING - Receive timeout, fun_type=0x10
2026-05-14 10:45:13,239 - PCANFD - DEBUG - Receive buffer was already empty
2026-05-14 10:45:13,240 - PCANFD - INFO - CAN FD message sent: ID=0x1, Len=2
2026-05-14 10:45:13,294 - PCANFD - WARNING - Receive timeout, fun_type=0x4
2026-05-14 10:45:13,295 - PCANFD - DEBUG - Receive buffer was already empty
2026-05-14 10:45:13,296 - PCANFD - INFO - CAN FD message sent: ID=0x1, Len=2
2026-05-14 10:45:13,350 - PCANFD - WARNING - Receive timeout, fun_type=0x4
2026-05-14 10:45:13,353 - PCANFD - DEBUG - Receive buffer was already empty
2026-05-14 10:45:13,354 - PCANFD - INFO - CAN FD message sent: ID=0x1, Len=2
2026-05-14 10:45:13,408 - PCANFD - WARNING - Receive timeout, fun_type=0x4
2026-05-14 10:45:13,410 - PCANFD - DEBUG - Receive buffer was already empty
2026-05-14 10:45:13,411 - PCANFD - INFO - CAN FD message sent: ID=0x1, Len=2
2026-05-14 10:45:13,463 - PCANFD - WARNING - Receive timeout, fun_type=0x4
2026-05-14 10:45:13,464 - PCANFD - DEBUG - Receive buffer was already empty
2026-05-14 10:45:13,465 - PCANFD - INFO - CAN FD message sent: ID=0x1, Len=2
2026-05-14 10:45:13,520 - PCANFD - WARNING - Receive timeout, fun_type=0x4
2026-05-14 10:45:13,521 - PCANFD - DEBUG - Receive buffer was already empty
2026-05-14 10:45:13,522 - PCANFD - INFO - CAN FD message sent: ID=0x1, Len=2
2026-05-14 10:45:13,578 - PCANFD - WARNING - Receive timeout, fun_type=0x4
2026-05-14 10:45:13,581 - PCANFD - DEBUG - Receive buffer was already empty
2026-05-14 10:45:13,581 - PCANFD - INFO - CAN FD message sent: ID=0x1, Len=2
2026-05-14 10:45:13,639 - PCANFD - WARNING - Receive timeout, fun_type=0x4
2026-05-14 10:45:13,642 - PCANFD - DEBUG - Receive buffer was already empty
2026-05-14 10:45:13,643 - PCANFD - INFO - CAN FD message sent: ID=0x1, Len=2
2026-05-14 10:45:13,699 - PCANFD - WARNING - Receive timeout, fun_type=0x4
2026-05-14 10:45:13,700 - PCANFD - DEBUG - Receive buffer was already empty
2026-05-14 10:45:13,701 - PCANFD - INFO - CAN FD message sent: ID=0x1, Len=2
2026-05-14 10:45:13,754 - PCANFD - WARNING - Receive timeout, fun_type=0x4
2026-05-14 10:45:13,757 - PCANFD - DEBUG - Receive buffer was already empty
2026-05-14 10:45:13,758 - PCANFD - INFO - CAN FD message sent: ID=0x1, Len=2
2026-05-14 10:45:13,814 - PCANFD - WARNING - Receive timeout, fun_type=0x4
2026-05-14 10:45:13,816 - PCANFD - DEBUG - Receive buffer was already empty
2026-05-14 10:45:13,816 - PCANFD - INFO - CAN FD message sent: ID=0x1, Len=2
2026-05-14 10:45:13,871 - PCANFD - WARNING - Receive timeout, fun_type=0x4
2026-05-14 10:45:13,874 - PCANFD - DEBUG - Receive buffer was already empty
2026-05-14 10:45:13,875 - PCANFD - INFO - CAN FD message sent: ID=0x1, Len=2
2026-05-14 10:45:13,930 - PCANFD - WARNING - Receive timeout, fun_type=0x4
2026-05-14 10:45:13,932 - PCANFD - DEBUG - Receive buffer was already empty
2026-05-14 10:45:13,932 - PCANFD - INFO - CAN FD message sent: ID=0x1, Len=2
2026-05-14 10:45:13,984 - PCANFD - WARNING - Receive timeout, fun_type=0x4
2026-05-14 10:45:13,986 - PCANFD - DEBUG - Receive buffer was already empty
2026-05-14 10:45:13,986 - PCANFD - INFO - CAN FD message sent: ID=0x1, Len=2
2026-05-14 10:45:14,039 - PCANFD - WARNING - Receive timeout, fun_type=0x4
2026-05-14 10:45:14,042 - PCANFD - DEBUG - Receive buffer was already empty
2026-05-14 10:45:14,042 - PCANFD - INFO - CAN FD message sent: ID=0x1, Len=2
2026-05-14 10:45:14,097 - PCANFD - WARNING - Receive timeout, fun_type=0x4
2026-05-14 10:45:14,099 - PCANFD - DEBUG - Receive buffer was already empty
2026-05-14 10:45:14,100 - PCANFD - INFO - CAN FD message sent: ID=0x1, Len=2
2026-05-14 10:45:14,154 - PCANFD - WARNING - Receive timeout, fun_type=0x4
2026-05-14 10:45:14,156 - PCANFD - DEBUG - Receive buffer was already empty
2026-05-14 10:45:14,156 - PCANFD - INFO - CAN FD message sent: ID=0x1, Len=2
2026-05-14 10:45:14,212 - PCANFD - WARNING - Receive timeout, fun_type=0x4
2026-05-14 10:45:14,213 - PCANFD - DEBUG - Receive buffer was already empty
2026-05-14 10:45:14,214 - PCANFD - INFO - CAN FD message sent: ID=0x1, Len=2
2026-05-14 10:45:14,265 - PCANFD - WARNING - Receive timeout, fun_type=0x10
2026-05-14 10:45:15,269 - PCANFD - DEBUG - Receive buffer was already empty
2026-05-14 10:45:15,270 - PCANFD - INFO - CAN FD message sent: ID=0x1, Len=2
2026-05-14 10:45:15,337 - PCANFD - WARNING - Receive timeout, fun_type=0x10
2026-05-14 10:45:17,341 - PCANFD - DEBUG - Receive buffer was already empty
2026-05-14 10:45:17,342 - PCANFD - INFO - CAN FD message sent: ID=0x1, Len=2
2026-05-14 10:45:17,396 - PCANFD - WARNING - Receive timeout, fun_type=0x6
2026-05-14 10:45:19,401 - PCANFD - DEBUG - Receive buffer was already empty
2026-05-14 10:45:19,402 - PCANFD - INFO - CAN FD message sent: ID=0x1, Len=2
2026-05-14 10:45:19,453 - PCANFD - WARNING - Receive timeout, fun_type=0x10
2026-05-14 10:45:21,460 - PCANFD - DEBUG - Receive buffer was already empty
2026-05-14 10:45:21,461 - PCANFD - INFO - CAN FD message sent: ID=0x1, Len=2
2026-05-14 10:45:21,514 - PCANFD - WARNING - Receive timeout, fun_type=0x6
2026-05-14 10:45:22,519 - PCANFD - DEBUG - Receive buffer was already empty
2026-05-14 10:45:22,519 - PCANFD - INFO - CAN FD message sent: ID=0x1, Len=2
2026-05-14 10:45:22,583 - PCANFD - WARNING - Receive timeout, fun_type=0x6
2026-05-14 10:45:23,587 - PCANFD - DEBUG - Receive buffer was already empty
2026-05-14 10:45:23,587 - PCANFD - INFO - CAN FD message sent: ID=0x1, Len=2
2026-05-14 10:45:23,643 - PCANFD - WARNING - Receive timeout, fun_type=0x6
2026-05-14 10:45:24,648 - PCANFD - DEBUG - Receive buffer was already empty
2026-05-14 10:45:24,648 - PCANFD - INFO - CAN FD message sent: ID=0x1, Len=2
2026-05-14 10:45:24,704 - PCANFD - WARNING - Receive timeout, fun_type=0x6
2026-05-14 10:45:25,708 - PCANFD - DEBUG - Receive buffer was already empty
2026-05-14 10:45:25,708 - PCANFD - INFO - CAN FD message sent: ID=0x1, Len=2
2026-05-14 10:45:25,760 - PCANFD - WARNING - Receive timeout, fun_type=0x6
2026-05-14 10:45:26,764 - PCANFD - DEBUG - Receive buffer was already empty
2026-05-14 10:45:26,765 - PCANFD - INFO - CAN FD message sent: ID=0x1, Len=2
2026-05-14 10:45:26,819 - PCANFD - WARNING - Receive timeout, fun_type=0x6
2026-05-14 10:45:28,824 - PCANFD - DEBUG - Receive buffer was already empty
2026-05-14 10:45:28,825 - PCANFD - INFO - CAN FD message sent: ID=0x1, Len=2
2026-05-14 10:45:28,878 - PCANFD - WARNING - Receive timeout, fun_type=0x10
2026-05-14 10:45:30,882 - PCANFD - DEBUG - Receive buffer was already empty
2026-05-14 10:45:30,883 - PCANFD - INFO - CAN FD message sent: ID=0x1, Len=2
2026-05-14 10:45:30,934 - PCANFD - WARNING - Receive timeout, fun_type=0x10
2026-05-14 10:45:31,938 - PCANFD - DEBUG - Receive buffer was already empty
2026-05-14 10:45:31,938 - PCANFD - INFO - CAN FD message sent: ID=0x1, Len=2
2026-05-14 10:45:31,989 - PCANFD - WARNING - Receive timeout, fun_type=0x10
2026-05-14 10:45:33,995 - PCANFD - DEBUG - Receive buffer was already empty
2026-05-14 10:45:33,995 - PCANFD - INFO - CAN FD message sent: ID=0x1, Len=2
2026-05-14 10:45:34,048 - PCANFD - WARNING - Receive timeout, fun_type=0x10
2026-05-14 10:45:35,052 - PCANFD - DEBUG - Receive buffer was already empty
2026-05-14 10:45:35,053 - PCANFD - INFO - CAN FD message sent: ID=0x1, Len=2
2026-05-14 10:45:35,104 - PCANFD - WARNING - Receive timeout, fun_type=0x10
2026-05-14 10:45:37,109 - PCANFD - DEBUG - Receive buffer was already empty
2026-05-14 10:45:37,110 - PCANFD - INFO - CAN FD message sent: ID=0x1, Len=2
2026-05-14 10:45:37,166 - PCANFD - WARNING - Receive timeout, fun_type=0x10
2026-05-14 10:45:39,169 - PCANFD - DEBUG - Receive buffer was already empty
2026-05-14 10:45:39,169 - PCANFD - INFO - CAN FD message sent: ID=0x1, Len=2
2026-05-14 10:45:39,230 - PCANFD - WARNING - Receive timeout, fun_type=0x6
2026-05-14 10:45:54,249 - PCANFD - DEBUG - Receive buffer was already empty
2026-05-14 10:45:54,250 - PCANFD - INFO - CAN FD message sent: ID=0x1, Len=2
2026-05-14 10:45:54,304 - PCANFD - WARNING - Receive timeout, fun_type=0x6
2026-05-14 10:45:54,305 - PCANFD - INFO - Disconnected
