e:\demo\windows\c++\zlgcan_c++_250827\c++_usbcanfd_250826\usbcanfd\usbcanfd\debug\usbcanfd.pch
e:\demo\windows\c++\zlgcan_c++_250827\c++_usbcanfd_250826\usbcanfd\usbcanfd\debug\vc120.pdb
e:\demo\windows\c++\zlgcan_c++_250827\c++_usbcanfd_250826\usbcanfd\usbcanfd\debug\vc120.idb
e:\demo\windows\c++\zlgcan_c++_250827\c++_usbcanfd_250826\usbcanfd\usbcanfd\debug\stdafx.obj
e:\demo\windows\c++\zlgcan_c++_250827\c++_usbcanfd_250826\usbcanfd\usbcanfd\debug\usbcanfd.obj
e:\demo\windows\c++\zlgcan_c++_250827\c++_usbcanfd_250826\usbcanfd\debug\usbcanfd.ilk
e:\demo\windows\c++\zlgcan_c++_250827\c++_usbcanfd_250826\usbcanfd\debug\usbcanfd.exe
e:\demo\windows\c++\zlgcan_c++_250827\c++_usbcanfd_250826\usbcanfd\debug\usbcanfd.pdb
e:\demo\windows\c++\zlgcan_c++_251203\c++_usbcanfd_251203\usbcanfd\usbcanfd\debug\stdafx.obj
e:\demo\windows\c++\zlgcan_c++_251203\c++_usbcanfd_251203\usbcanfd\usbcanfd\debug\usbcanfd.obj
e:\demo\windows\c++\zlgcan_c++_251203\c++_usbcanfd_251203\usbcanfd\usbcanfd\debug\usbcanfd.pch
e:\demo\windows\c++\zlgcan_c++_251203\c++_usbcanfd_251203\usbcanfd\usbcanfd\debug\vc120.idb
e:\demo\windows\c++\zlgcan_c++_251203\c++_usbcanfd_251203\usbcanfd\usbcanfd\debug\vc120.pdb
e:\demo\windows\c++\zlgcan_c++_251203\c++_usbcanfd_251203\usbcanfd\debug\usbcanfd.pdb
e:\demo\windows\c++\zlgcan_c++_251203\c++_usbcanfd_251203\usbcanfd\debug\usbcanfd.exe
e:\demo\windows\c++\zlgcan_c++_251203\c++_usbcanfd_251203\usbcanfd\debug\usbcanfd.ilk
e:\demo\windows\c++\zlgcan_c++_251203\c++_usbcanfd_251203\usbcanfd\usbcanfd\debug\usbcanfd.tlog\cl.command.1.tlog
e:\demo\windows\c++\zlgcan_c++_251203\c++_usbcanfd_251203\usbcanfd\usbcanfd\debug\usbcanfd.tlog\cl.read.1.tlog
e:\demo\windows\c++\zlgcan_c++_251203\c++_usbcanfd_251203\usbcanfd\usbcanfd\debug\usbcanfd.tlog\cl.write.1.tlog
e:\demo\windows\c++\zlgcan_c++_251203\c++_usbcanfd_251203\usbcanfd\usbcanfd\debug\usbcanfd.tlog\link.command.1.tlog
e:\demo\windows\c++\zlgcan_c++_251203\c++_usbcanfd_251203\usbcanfd\usbcanfd\debug\usbcanfd.tlog\link.read.1.tlog
e:\demo\windows\c++\zlgcan_c++_251203\c++_usbcanfd_251203\usbcanfd\usbcanfd\debug\usbcanfd.tlog\link.write.1.tlog
